[Licensing::Module] Trying to connect to existing licensing client channel...
[Licensing::IpcConnector] Successfully connected to the License Client on channel: "LicenseClient-musta" at "2025-06-17T23:56:51.4763784Z"
[Licensing::Client] Error: Code 10 while verifying Licensing Client signature (process Id: 31380, path: "C:/Program Files/Unity Hub/UnityLicensingClient_V1/Unity.Licensing.Client.exe")
[Licensing::Module] Error: LicensingClient has failed validation; ignoring
[Licensing::Client] Handshaking with LicensingClient:
  Version:                 1.17.0+aa6cfba
  Session Id:              8cca7f3452474dd1bf45c74d81cbfa41
  Correlation Id:          c4b842ff4772378c7f256b60cf169297
  External correlation Id: 1848933494405275499
  Machine Id:              x6Ag2N0sgBKk7iKJpDhp114rAos=
[Licensing::Module] Successfully connected to LicensingClient on channel: "LicenseClient-musta" (connect: 0.00s, validation: 0.01s, handshake: 0.07s)
[Licensing::IpcConnector] Successfully connected to the License Notification on channel: "LicenseClient-musta-notifications" at "2025-06-17T23:56:51.5533819Z"
[Licensing::Module] Error: Access token is unavailable; failed to update
[Licensing::Client] Successfully updated license
Built from '6000.0/staging' branch; Version is '6000.0.26f1 (ccb7c73d2c02) revision 13416391'; Using compiler version '193933523'; Build Type 'Release'
OS: 'Windows 11  (10.0.26100) 64bit Core' Language: 'en' Physical Memory: 32296 MB
[Licensing::Client] Successfully resolved entitlement details
[Licensing::Module] Serial number assigned to: "18966766098471-UnityPersXXXX"
BatchMode: 1, IsHumanControllingUs: 0, StartBugReporterOnCrash: 0, Is64bit: 1, IsPro: 0
[Licensing::Client] Successfully resolved entitlement details

COMMAND LINE ARGUMENTS:
C:\Program Files\Unity\Hub\Editor\6000.0.26f1\Editor\Unity.exe
-batchmode
-quit
-projectPath
.
-executeMethod
UnityEditor.EditorApplication.Exit
-logFile
compile.log
Successfully changed project path to: C:/Users/musta/OneDrive/Masaüstü/Bitirme_Mehmet/Marmara_Final_Game_Project
C:/Users/musta/OneDrive/Masaüstü/Bitirme_Mehmet/Marmara_Final_Game_Project
It looks like another Unity instance is running with this project open.

Multiple Unity instances cannot open the same project.

Project: C:/Users/musta/OneDrive/Masaüstü/Bitirme_Mehmet/Marmara_Final_Game_Project
Fatal Error! It looks like another Unity instance is running with this project open.

Multiple Unity instances cannot open the same project.

Project: C:/Users/musta/OneDrive/Masaüstü/Bitirme_Mehmet/Marmara_Final_Game_Project
Crash!!!
SymInit: Symbol-SearchPath: 'C:/Program Files/Unity/Hub/Editor/6000.0.26f1/Editor/Data/Mono;.;C:\Users\musta\OneDrive\Masa�st�\Bitirme_Mehmet\Marmara_Final_Game_Project;C:\Users\musta\OneDrive\Masa�st�\Bitirme_Mehmet\Marmara_Final_Game_Project\Library\BurstCache\JIT;C:\Program Files\Unity\Hub\Editor\6000.0.26f1\Editor;C:\WINDOWS;C:\WINDOWS\system32;', symOptions: 534, UserName: 'musta'
OS-Version: 10.0.0
C:\Program Files\Unity\Hub\Editor\6000.0.26f1\Editor\Unity.exe:Unity.exe (00007FF624D50000), size: 299008 (result: 0), SymType: '-deferred-', PDB: '', fileVersion: 6000.0.26.47047
C:\WINDOWS\SYSTEM32\ntdll.dll:ntdll.dll (00007FFD4A6C0000), size: 2510848 (result: 0), SymType: '-deferred-', PDB: '', fileVersion: 10.0.26100.4202
C:\WINDOWS\System32\KERNEL32.DLL:KERNEL32.DLL (00007FFD48C40000), size: 823296 (result: 0), SymType: '-deferred-', PDB: '', fileVersion: 10.0.26100.4202
C:\WINDOWS\System32\KERNELBASE.dll:KERNELBASE.dll (00007FFD47EF0000), size: 4096000 (result: 0), SymType: '-deferred-', PDB: '', fileVersion: 10.0.26100.4202
C:\WINDOWS\System32\USER32.dll:USER32.dll (00007FFD48470000), size: 1875968 (result: 0), SymType: '-deferred-', PDB: '', fileVersion: 10.0.26100.4202
C:\WINDOWS\System32\win32u.dll:win32u.dll (00007FFD47D80000), size: 159744 (result: 0), SymType: '-deferred-', PDB: '', fileVersion: 10.0.26100.4343
C:\WINDOWS\System32\GDI32.dll:GDI32.dll (00007FFD48DF0000), size: 176128 (result: 0), SymType: '-deferred-', PDB: '', fileVersion: 10.0.26100.4202
C:\WINDOWS\System32\gdi32full.dll:gdi32full.dll (00007FFD47DB0000), size: 1273856 (result: 0), SymType: '-deferred-', PDB: '', fileVersion: 10.0.26100.4202
C:\WINDOWS\System32\msvcp_win.dll:msvcp_win.dll (00007FFD47CD0000), size: 667648 (result: 0), SymType: '-deferred-', PDB: '', fileVersion: 10.0.26100.4202
C:\WINDOWS\System32\ucrtbase.dll:ucrtbase.dll (00007FFD47B80000), size: 1355776 (result: 0), SymType: '-deferred-', PDB: '', fileVersion: 10.0.26100.4202
C:\WINDOWS\System32\IMM32.DLL:IMM32.DLL (00007FFD48AE0000), size: 196608 (result: 0), SymType: '-deferred-', PDB: '', fileVersion: 10.0.26100.4202
C:\Program Files\Unity\Hub\Editor\6000.0.26f1\Editor\Unity.dll:Unity.dll (00007FFC5A790000), size: 87052288 (result: 0), SymType: '-deferred-', PDB: '', fileVersion: 6000.0.26.47047
C:\WINDOWS\System32\CRYPT32.dll:CRYPT32.dll (00007FFD47A00000), size: 1536000 (result: 0), SymType: '-deferred-', PDB: '', fileVersion: 10.0.26100.3775
C:\WINDOWS\System32\ADVAPI32.dll:ADVAPI32.dll (00007FFD48D10000), size: 733184 (result: 0), SymType: '-deferred-', PDB: '', fileVersion: 10.0.26100.4202
C:\Program Files\Unity\Hub\Editor\6000.0.26f1\Editor\libfbxsdk.dll:libfbxsdk.dll (00007FFCDDF80000), size: 8019968 (result: 0), SymType: '-deferred-', PDB: '', fileVersion: 2020.3.7.0
C:\WINDOWS\System32\msvcrt.dll:msvcrt.dll (00007FFD48E20000), size: 692224 (result: 0), SymType: '-deferred-', PDB: '', fileVersion: 7.0.26100.4202
C:\Program Files\Unity\Hub\Editor\6000.0.26f1\Editor\s3tcompress.dll:s3tcompress.dll (00007FFD280B0000), size: 180224 (result: 0), SymType: '-deferred-', PDB: ''
C:\Program Files\Unity\Hub\Editor\6000.0.26f1\Editor\etccompress.dll:etccompress.dll (00007FFCDDAA0000), size: 5070848 (result: 0), SymType: '-deferred-', PDB: ''
C:\WINDOWS\System32\sechost.dll:sechost.dll (00007FFD48F50000), size: 679936 (result: 0), SymType: '-deferred-', PDB: '', fileVersion: 10.0.26100.4202
C:\Program Files\Unity\Hub\Editor\6000.0.26f1\Editor\ispc_texcomp.dll:ispc_texcomp.dll (00007FFCDF1E0000), size: 1826816 (result: 0), SymType: '-deferred-', PDB: ''
C:\WINDOWS\System32\RPCRT4.dll:RPCRT4.dll (00007FFD49D20000), size: 1134592 (result: 0), SymType: '-deferred-', PDB: '', fileVersion: 10.0.26100.4202
C:\Program Files\Unity\Hub\Editor\6000.0.26f1\Editor\compress_bc7e.dll:compress_bc7e.dll (00007FFCDF080000), size: 1433600 (result: 0), SymType: '-deferred-', PDB: ''
C:\Program Files\Unity\Hub\Editor\6000.0.26f1\Editor\FreeImage.dll:FreeImage.dll (0000000180000000), size: 5783552 (result: 0), SymType: '-deferred-', PDB: '', fileVersion: 3.18.0.0
C:\Program Files\Unity\Hub\Editor\6000.0.26f1\Editor\WinPixEventRuntime.dll:WinPixEventRuntime.dll (00007FFD31FE0000), size: 53248 (result: 0), SymType: '-deferred-', PDB: '', fileVersion: 1.0.2201.24001
C:\WINDOWS\System32\WS2_32.dll:WS2_32.dll (00007FFD48880000), size: 475136 (result: 0), SymType: '-deferred-', PDB: '', fileVersion: 10.0.26100.4061
C:\WINDOWS\System32\ole32.dll:ole32.dll (00007FFD49990000), size: 1695744 (result: 0), SymType: '-deferred-', PDB: '', fileVersion: 10.0.26100.4202
C:\Program Files\Unity\Hub\Editor\6000.0.26f1\Editor\umbraoptimizer64.dll:umbraoptimizer64.dll (00007FFCDD970000), size: 1187840 (result: 0), SymType: '-deferred-', PDB: ''
C:\WINDOWS\System32\combase.dll:combase.dll (00007FFD49000000), size: 3690496 (result: 0), SymType: '-deferred-', PDB: '', fileVersion: 10.0.26100.4202
C:\WINDOWS\SYSTEM32\MSVCP140.dll:MSVCP140.dll (00007FFD25DF0000), size: 577536 (result: 0), SymType: '-deferred-', PDB: '', fileVersion: 14.42.34438.0
C:\WINDOWS\System32\SETUPAPI.dll:SETUPAPI.dll (00007FFD49420000), size: 4743168 (result: 0), SymType: '-deferred-', PDB: '', fileVersion: 10.0.26100.4202
C:\WINDOWS\SYSTEM32\VCRUNTIME140.dll:VCRUNTIME140.dll (00007FFD274A0000), size: 122880 (result: 0), SymType: '-deferred-', PDB: '', fileVersion: 14.42.34438.0
C:\WINDOWS\SYSTEM32\VCRUNTIME140_1.dll:VCRUNTIME140_1.dll (00007FFD27F40000), size: 49152 (result: 0), SymType: '-deferred-', PDB: '', fileVersion: 14.42.34438.0
C:\WINDOWS\System32\SHELL32.dll:SHELL32.dll (00007FFD49F30000), size: 7610368 (result: 0), SymType: '-deferred-', PDB: '', fileVersion: 10.0.26100.4202
C:\WINDOWS\System32\wintypes.dll:wintypes.dll (00007FFD482E0000), size: 1523712 (result: 0), SymType: '-deferred-', PDB: '', fileVersion: 10.0.26100.4202
C:\WINDOWS\SYSTEM32\bcrypt.dll:bcrypt.dll (00007FFD476F0000), size: 155648 (result: 0), SymType: '-deferred-', PDB: '', fileVersion: 10.0.26100.4061
C:\WINDOWS\System32\SHLWAPI.dll:SHLWAPI.dll (00007FFD48A70000), size: 434176 (result: 0), SymType: '-deferred-', PDB: '', fileVersion: 10.0.26100.4202
C:\WINDOWS\SYSTEM32\d3d12.dll:d3d12.dll (00007FFD24650000), size: 143360 (result: 0), SymType: '-deferred-', PDB: '', fileVersion: 10.0.26100.3624
C:\WINDOWS\System32\OLEAUT32.dll:OLEAUT32.dll (00007FFD49E40000), size: 921600 (result: 0), SymType: '-deferred-', PDB: '', fileVersion: 10.0.26100.4202
C:\WINDOWS\SYSTEM32\d3d11.dll:d3d11.dll (00007FFD43940000), size: 2514944 (result: 0), SymType: '-deferred-', PDB: '', fileVersion: 10.0.26100.4202
C:\WINDOWS\SYSTEM32\dwmapi.dll:dwmapi.dll (00007FFD44A50000), size: 221184 (result: 0), SymType: '-deferred-', PDB: '', fileVersion: 10.0.26100.4202
C:\WINDOWS\SYSTEM32\dxgi.dll:dxgi.dll (00007FFD448F0000), size: 1265664 (result: 0), SymType: '-deferred-', PDB: '', fileVersion: 10.0.26100.4202
C:\WINDOWS\System32\WINTRUST.dll:WINTRUST.dll (00007FFD47970000), size: 540672 (result: 0), SymType: '-deferred-', PDB: '', fileVersion: 10.0.26100.4351
C:\WINDOWS\SYSTEM32\HID.DLL:HID.DLL (00007FFD45CB0000), size: 61440 (result: 0), SymType: '-deferred-', PDB: '', fileVersion: 10.0.26100.1150
C:\WINDOWS\SYSTEM32\IPHLPAPI.DLL:IPHLPAPI.DLL (00007FFD45FB0000), size: 208896 (result: 0), SymType: '-deferred-', PDB: '', fileVersion: 10.0.26100.4202
C:\WINDOWS\SYSTEM32\OPENGL32.dll:OPENGL32.dll (00007FFCBC1C0000), size: 1130496 (result: 0), SymType: '-deferred-', PDB: '', fileVersion: 10.0.26100.4202
C:\WINDOWS\SYSTEM32\WINMM.dll:WINMM.dll (00007FFD3BF90000), size: 217088 (result: 0), SymType: '-deferred-', PDB: '', fileVersion: 10.0.26100.4202
C:\WINDOWS\SYSTEM32\WINHTTP.dll:WINHTTP.dll (00007FFD3C710000), size: 1171456 (result: 0), SymType: '-deferred-', PDB: '', fileVersion: 10.0.26100.4202
C:\WINDOWS\SYSTEM32\GLU32.dll:GLU32.dll (00007FFCE50E0000), size: 184320 (result: 0), SymType: '-deferred-', PDB: '', fileVersion: 10.0.26100.1150
C:\Program Files\Unity\Hub\Editor\6000.0.26f1\Editor\SketchUpAPI.dll:SketchUpAPI.dll (00007FFCDCE80000), size: 8990720 (result: 0), SymType: '-deferred-', PDB: '', fileVersion: 23.0.0.0
C:\Program Files\Unity\Hub\Editor\6000.0.26f1\Editor\NativeProxyHelper.dll:NativeProxyHelper.dll (00007FFCDD720000), size: 1789952 (result: 0), SymType: '-deferred-', PDB: ''
C:\WINDOWS\SYSTEM32\VERSION.dll:VERSION.dll (00007FFD41570000), size: 45056 (result: 0), SymType: '-deferred-', PDB: '', fileVersion: 10.0.26100.1150
C:\WINDOWS\SYSTEM32\WSOCK32.dll:WSOCK32.dll (00007FFD32000000), size: 40960 (result: 0), SymType: '-deferred-', PDB: '', fileVersion: 10.0.26100.1
C:\Program Files\Unity\Hub\Editor\6000.0.26f1\Editor\SketchUpCommonPreferences.dll:SketchUpCommonPreferences.dll (00007FFCDF000000), size: 499712 (result: 0), SymType: '-deferred-', PDB: '', fileVersion: 23.0.0.0
C:\WINDOWS\SYSTEM32\Secur32.dll:Secur32.dll (00007FFD44620000), size: 53248 (result: 0), SymType: '-deferred-', PDB: '', fileVersion: 10.0.26100.1
C:\WINDOWS\SYSTEM32\dxcore.dll:dxcore.dll (00007FFD44830000), size: 315392 (result: 0), SymType: '-deferred-', PDB: '', fileVersion: 10.0.26100.4202
C:\WINDOWS\SYSTEM32\SSPICLI.DLL:SSPICLI.DLL (00007FFD46990000), size: 299008 (result: 0), SymType: '-deferred-', PDB: '', fileVersion: 10.0.26100.4202
C:\Program Files\Unity\Hub\Editor\6000.0.26f1\Editor\OpenRL.dll:OpenRL.dll (000001650FFC0000), size: 12779520 (result: 0), SymType: '-deferred-', PDB: '', fileVersion: 1.5.0.2907
C:\WINDOWS\SYSTEM32\MSVCR100.dll:MSVCR100.dll (0000000073170000), size: 860160 (result: 0), SymType: '-deferred-', PDB: '', fileVersion: 10.0.40219.325
C:\WINDOWS\SYSTEM32\MSVCP100.dll:MSVCP100.dll (0000000073250000), size: 622592 (result: 0), SymType: '-deferred-', PDB: '', fileVersion: 10.0.40219.325
C:\Program Files\Unity\Hub\Editor\6000.0.26f1\Editor\embree.dll:embree.dll (00007FFC635D0000), size: 16711680 (result: 0), SymType: '-deferred-', PDB: '', fileVersion: 2.14.0.0
C:\WINDOWS\SYSTEM32\cfgmgr32.DLL:cfgmgr32.DLL (00007FFD47470000), size: 356352 (result: 0), SymType: '-deferred-', PDB: '', fileVersion: 10.0.26100.4202
C:\Program Files\Unity\Hub\Editor\6000.0.26f1\Editor\tbb.dll:tbb.dll (00007FFCDFD40000), size: 303104 (result: 0), SymType: '-deferred-', PDB: '', fileVersion: 2020.3.2022.1111
C:\WINDOWS\SYSTEM32\MSWSOCK.DLL:MSWSOCK.DLL (00007FFD46C60000), size: 434176 (result: 0), SymType: '-deferred-', PDB: '', fileVersion: 10.0.26100.4202
C:\Program Files\Unity\Hub\Editor\6000.0.26f1\Editor\OpenRL_pthread.dll:OpenRL_pthread.dll (000001650FF90000), size: 61440 (result: 0), SymType: '-deferred-', PDB: '', fileVersion: 2.9.0.0
C:\WINDOWS\SYSTEM32\directxdatabasehelper.dll:directxdatabasehelper.dll (00007FFD44880000), size: 397312 (result: 0), SymType: '-deferred-', PDB: '', fileVersion: 10.0.26100.4202
C:\WINDOWS\SYSTEM32\kernel.appcore.dll:kernel.appcore.dll (00007FFD466D0000), size: 110592 (result: 0), SymType: '-deferred-', PDB: '', fileVersion: 10.0.26100.4202
C:\WINDOWS\System32\bcryptPrimitives.dll:bcryptPrimitives.dll (00007FFD478D0000), size: 626688 (result: 0), SymType: '-deferred-', PDB: '', fileVersion: 10.0.26100.4202
C:\WINDOWS\SYSTEM32\MSASN1.dll:MSASN1.dll (00007FFD46F80000), size: 77824 (result: 0), SymType: '-deferred-', PDB: '', fileVersion: 10.0.26100.4061
C:\WINDOWS\system32\uxtheme.dll:uxtheme.dll (00007FFD44730000), size: 716800 (result: 0), SymType: '-deferred-', PDB: '', fileVersion: 10.0.26100.4202
C:\WINDOWS\SYSTEM32\windows.storage.dll:windows.storage.dll (00007FFD45450000), size: 8749056 (result: 0), SymType: '-deferred-', PDB: '', fileVersion: 10.0.26100.4343
C:\WINDOWS\System32\SHCORE.dll:SHCORE.dll (00007FFD48910000), size: 987136 (result: 0), SymType: '-deferred-', PDB: '', fileVersion: 10.0.26100.4202
C:\WINDOWS\SYSTEM32\profapi.dll:profapi.dll (00007FFD47720000), size: 192512 (result: 0), SymType: '-deferred-', PDB: '', fileVersion: 10.0.26100.4202
C:\WINDOWS\SYSTEM32\CRYPTSP.dll:CRYPTSP.dll (00007FFD46F10000), size: 110592 (result: 0), SymType: '-deferred-', PDB: '', fileVersion: 10.0.26100.4202
C:\WINDOWS\system32\rsaenh.dll:rsaenh.dll (00007FFD46630000), size: 237568 (result: 0), SymType: '-deferred-', PDB: '', fileVersion: 10.0.26100.4202
C:\WINDOWS\SYSTEM32\CRYPTBASE.dll:CRYPTBASE.dll (00007FFD46F30000), size: 49152 (result: 0), SymType: '-deferred-', PDB: '', fileVersion: 10.0.26100.4061
C:\WINDOWS\System32\imagehlp.dll:imagehlp.dll (00007FFD49960000), size: 131072 (result: 0), SymType: '-deferred-', PDB: '', fileVersion: 10.0.26100.4202
C:\WINDOWS\SYSTEM32\gpapi.dll:gpapi.dll (00007FFD46CD0000), size: 159744 (result: 0), SymType: '-deferred-', PDB: '', fileVersion: 10.0.26100.3323
C:\Windows\System32\cryptnet.dll:cryptnet.dll (00007FFD41480000), size: 241664 (result: 0), SymType: '-deferred-', PDB: '', fileVersion: 10.0.26100.3624
C:\WINDOWS\SYSTEM32\WINNSI.DLL:WINNSI.DLL (00007FFD424F0000), size: 57344 (result: 0), SymType: '-deferred-', PDB: '', fileVersion: 10.0.26100.4202
C:\WINDOWS\System32\NSI.dll:NSI.dll (00007FFD48DD0000), size: 40960 (result: 0), SymType: '-deferred-', PDB: '', fileVersion: 10.0.26100.4061
C:\WINDOWS\system32\IconCodecService.dll:IconCodecService.dll (00007FFD445E0000), size: 45056 (result: 0), SymType: '-deferred-', PDB: '', fileVersion: 10.0.26100.1
C:\WINDOWS\SYSTEM32\WindowsCodecs.dll:WindowsCodecs.dll (00007FFD42E50000), size: 2330624 (result: 0), SymType: '-deferred-', PDB: '', fileVersion: 10.0.26100.4202
C:\WINDOWS\System32\clbcatq.dll:clbcatq.dll (00007FFD498B0000), size: 688128 (result: 0), SymType: '-deferred-', PDB: '', fileVersion: 2001.12.10941.16384
C:\WINDOWS\System32\netprofm.dll:netprofm.dll (00007FFD414E0000), size: 413696 (result: 0), SymType: '-deferred-', PDB: '', fileVersion: 10.0.26100.2454
C:\WINDOWS\System32\npmproxy.dll:npmproxy.dll (00007FFD3C350000), size: 102400 (result: 0), SymType: '-deferred-', PDB: '', fileVersion: 10.0.26100.1150
C:\WINDOWS\SYSTEM32\dbghelp.dll:dbghelp.dll (00007FFD45060000), size: 2363392 (result: 0), SymType: '-deferred-', PDB: '', fileVersion: 10.0.26100.4202

========== OUTPUTTING STACK TRACE ==================

0x00007FFD47FB85EA (KERNELBASE) RaiseException
0x00007FFC5C32A4D5 (Unity) EditorMonoConsole::LogToConsoleImplementation
0x00007FFC5C32B19A (Unity) EditorMonoConsole::LogToConsoleImplementation
0x00007FFC5CFDA31D (Unity) DebugStringToFilePostprocessedStacktrace
0x00007FFC5CFD96B8 (Unity) DebugStringToFile
0x00007FFC5C431856 (Unity) HandleProjectAlreadyOpenInAnotherInstance
0x00007FFC5C43377E (Unity) Application::InitializeProject
0x00007FFC5CA3AE73 (Unity) UnityMain
0x00007FF624D52FBA (Unity) __scrt_common_main_seh
0x00007FFD48C6E8D7 (KERNEL32) BaseThreadInitThunk
0x00007FFD4A6FC34C (ntdll) RtlUserThreadStart

========== END OF STACKTRACE ===========

A crash has been intercepted by the crash handler. For call stack and other details, see the latest crash report generated in:
 * C:/Users/musta/AppData/Local/Temp/Unity/Editor/Crashes
